Not connected to PVD
+++ Using GPU PhysX
Physics Engine: PhysX
Physics Device: cuda:0
GPU Pipeline: disabled
Importing module 'gym_38' (/home/artrc/isaacgym/python/isaacgym/_bindings/linux-x86_64/gym_38.so)
Setting GYM_USD_PLUG_INFO_PATH to /home/artrc/isaacgym/python/isaacgym/_bindings/linux-x86_64/usd/plugInfo.json
PhysX contact scales: rest_offset=0m contact_offset=20mm friction_offset_threshold=1mm friction_correlation_distance=0.5mm robot_thickness=1mm
Compact climb config selected: /tmp/climb_c2_speed_20260909/candidate.json (side=left)
Compact climb scene loaded (C1:PREP -> C27:STAND_FINAL_HOLD, 1x, 57.3s)
Xiaolan loaded: 22664 exact static collision triangles
Physics: 240 Hz, controller: 30 Hz, actuator: 30 Hz
Robot loaded: 25 rigid bodies, 18 DOFs
Control DOF mapping ready: 18 joints
Compact climb joint velocity limit: 1.2x (same Isaac drive baseline as Approach: stiffness=100, damping=0.8, URDF effort unchanged; 1.2x is the LX-15D official no-load upper-bound candidate, >1.2x is diagnostics-only and not hardware-aligned; Isaac gains are not calibrated servo gains)
Compact climb: initialized at C1:PREP entry snapshot
Compact climb started (--climb-start, real feedback gates)
A: enable/pause motion | B: reset to stand | X: compact climb
[climb] state=RUNNING stage=1/27 phase=PREP prior_tracking_error=2.34679e-08rad prior_foot_target_error=5.33354e-09m
[render] frame=0 fps=143579.0
[render] frame=240 fps=155.0
[climb] C1 PREP metrics: t=1.83s track=0.005938rad foot=0.003308m limit_margin=0.3715rad worst_joint=rm/ankle@1.83s worst_foot=rm@0.97s root=0.008064m@1.23s world_foot=0.007501mlm@1.73s support_drift=0.007501m end_track=0.005938rad end_foot=0.0006547m end_root=0.007036m end_world_foot=0.007499m
[climb] state=RUNNING stage=2/27 phase=RM prior_tracking_error=0.00593828rad prior_foot_target_error=0.000654684m
[render] frame=480 fps=180.8
[render] frame=720 fps=182.8
[render] frame=960 fps=179.1
[render] frame=1200 fps=171.2
[climb] C2 RM metrics: t=3.37s track=0.01085rad foot=0.007005m limit_margin=0.1364rad worst_joint=lm/ankle@3.03s worst_foot=rm@2.53s root=0.007414m@2.53s world_foot=0.01148mrm@2.53s support_drift=0.0005571m end_track=0.00644rad end_foot=0.001228m end_root=0.006512m end_world_foot=0.007475m
[climb] state=RUNNING stage=3/27 phase=BODY prior_tracking_error=0.00643952rad prior_foot_target_error=0.00122833m
[render] frame=1440 fps=157.7
[climb] C3 BODY metrics: t=0.87s track=0.01493rad foot=0.004711m limit_margin=0.4912rad worst_joint=lm/ankle@0.83s worst_foot=rm@0.50s root=0.008475m@0.53s world_foot=0.008882mlm@0.77s support_drift=0.002661m end_track=0.01477rad end_foot=0.00314m end_root=0.00595m end_world_foot=0.00886m
[climb] state=RUNNING stage=4/27 phase=PAIR prior_tracking_error=0.0147698rad prior_foot_target_error=0.00313953m
[render] frame=1680 fps=160.0
[render] frame=1920 fps=162.2
[render] frame=2160 fps=161.9
[climb] C4 PAIR metrics: t=3.77s track=0.01525rad foot=0.008651m limit_margin=0.03043rad worst_joint=lm/ankle@3.43s worst_foot=rb@3.17s root=0.006019m@0.30s world_foot=0.01146mrf@3.17s support_drift=0.0009173m end_track=0.01475rad end_foot=0.00318m end_root=0.005832m end_world_foot=0.008854m
[climb] state=RUNNING stage=5/27 phase=LB_LF_GROUND_SHIFT prior_tracking_error=0.0147542rad prior_foot_target_error=0.0031798m
[render] frame=2400 fps=125.7
[render] frame=2640 fps=122.0
[climb] C5 LB_LF_GROUND_SHIFT metrics: t=1.87s track=0.02516rad foot=0.007441m limit_margin=0.5079rad worst_joint=lm/ankle@0.10s worst_foot=lf@0.80s root=0.005832m@0.03s world_foot=0.01231mlf@0.80s support_drift=0.0003999m end_track=0.01982rad end_foot=0.00453m end_root=0.004959m end_world_foot=0.008808m
[climb] state=RUNNING stage=6/27 phase=LM_GROUND_SHIFT prior_tracking_error=0.0198153rad prior_foot_target_error=0.00452955m
[render] frame=2880 fps=120.0
[render] frame=3120 fps=119.7
[climb] C6 LM_GROUND_SHIFT metrics: t=1.90s track=0.01981rad foot=0.01036m limit_margin=0.5357rad worst_joint=lm/ankle@0.03s worst_foot=lm@0.83s root=0.004959m@0.03s world_foot=0.01467mlm@0.83s support_drift=0.0005706m end_track=0.009436rad end_foot=0.002708m end_root=0.004406m end_world_foot=0.005281m
[climb] state=RUNNING stage=7/27 phase=BODY2 prior_tracking_error=0.00943634rad prior_foot_target_error=0.00270832m
[render] frame=3360 fps=119.8
[render] frame=3600 fps=119.5
[climb] C7 BODY2 metrics: t=2.03s track=0.01742rad foot=0.006765m limit_margin=0.4604rad worst_joint=lf/ankle@2.03s worst_foot=rb@1.10s root=0.005345m@0.77s world_foot=0.005284mrf@0.10s support_drift=0.006549m end_track=0.01742rad end_foot=0.004929m end_root=0.000891m end_world_foot=0.004867m
[climb] state=RUNNING stage=8/27 phase=RM_HIGH_C prior_tracking_error=0.0174187rad prior_foot_target_error=0.00492933m
[render] frame=3840 fps=118.6
[render] frame=4080 fps=121.3
[climb] C8 RM_HIGH_C metrics: t=2.23s track=0.01759rad foot=0.009139m limit_margin=0.04729rad worst_joint=lf/ankle@0.63s worst_foot=rm@1.03s root=0.00173m@1.90s world_foot=0.008324mrm@1.07s support_drift=0.002623m end_track=0.01589rad end_foot=0.004396m end_root=0.001722m end_world_foot=0.005405m
[climb] state=RUNNING stage=9/27 phase=RB_RF_HIGH_C prior_tracking_error=0.0158872rad prior_foot_target_error=0.00439557m
[render] frame=4320 fps=118.2
[render] frame=4560 fps=145.6
[render] frame=4800 fps=135.5
[climb] C9 RB_RF_HIGH_C metrics: t=2.37s track=0.01791rad foot=0.00703m limit_margin=0.2858rad worst_joint=lf/ankle@1.80s worst_foot=rf@1.07s root=0.002482m@0.93s world_foot=0.0087mrf@1.07s support_drift=0.0006413m end_track=0.01714rad end_foot=0.003768m end_root=0.002285m end_world_foot=0.005427m
[climb] state=RUNNING stage=10/27 phase=RB_BODY_ADVANCE prior_tracking_error=0.0171405rad prior_foot_target_error=0.00376772m
[render] frame=5040 fps=117.4
[climb] C10 RB_BODY_ADVANCE metrics: t=1.23s track=0.01764rad foot=0.005066m limit_margin=0.1677rad worst_joint=lf/ankle@0.43s worst_foot=rm@0.70s root=0.006475m@0.83s world_foot=0.0072mrf@1.20s support_drift=0.006015m end_track=0.01436rad end_foot=0.003919m end_root=0.005251m end_world_foot=0.007199m
[climb] state=RUNNING stage=11/27 phase=LM_RM_PRE_ADVANCE prior_tracking_error=0.0143635rad prior_foot_target_error=0.0039191m
[render] frame=5280 fps=118.5
[render] frame=5520 fps=120.2
[climb] C11 LM_RM_PRE_ADVANCE metrics: t=2.33s track=0.01583rad foot=0.006606m limit_margin=0.1697rad worst_joint=lb/ankle@0.10s worst_foot=rm@0.23s root=0.005499m@0.20s world_foot=0.01095mrm@0.27s support_drift=0.0002628m end_track=0.01512rad end_foot=0.003933m end_root=0.005467m end_world_foot=0.007432m
[climb] state=RUNNING stage=12/27 phase=LB_LF_BODY_ADVANCE_HIGH_STEP prior_tracking_error=0.015124rad prior_foot_target_error=0.00393328m
[render] frame=5760 fps=118.0
[render] frame=6000 fps=117.9
[render] frame=6240 fps=110.0
[climb] C12 LB_LF_BODY_ADVANCE_HIGH_STEP metrics: t=2.30s track=0.02959rad foot=0.005371m limit_margin=0.2493rad worst_joint=lm/ankle@1.03s worst_foot=lm@2.00s root=0.006131m@1.47s world_foot=0.0122mlf@1.43s support_drift=0.005313m end_track=0.01932rad end_foot=0.005093m end_root=0.004321m end_world_foot=0.007651m
[climb] state=RUNNING stage=13/27 phase=RB_RF_TOP_INWARD_PAIR prior_tracking_error=0.0193161rad prior_foot_target_error=0.00509272m
[render] frame=6480 fps=111.5
[render] frame=6720 fps=110.9
[climb] C13 RB_RF_TOP_INWARD_PAIR metrics: t=1.97s track=0.02045rad foot=0.006562m limit_margin=0.1778rad worst_joint=lm/ankle@0.07s worst_foot=rb@0.90s root=0.005474m@1.97s world_foot=0.01289mrf@0.93s support_drift=0.001964m end_track=0.01698rad end_foot=0.00376m end_root=0.005474m end_world_foot=0.007684m
[climb] state=RUNNING stage=14/27 phase=LM_BODY_TRANSFER prior_tracking_error=0.0169795rad prior_foot_target_error=0.00376031m
[render] frame=6960 fps=109.4
[climb] C14 LM_BODY_TRANSFER metrics: t=1.97s track=0.01699rad foot=0.007396m limit_margin=0.1345rad worst_joint=lm/ankle@0.03s worst_foot=lm@0.97s root=0.007446m@1.03s world_foot=0.014mlm@0.97s support_drift=0.001987m end_track=0.006359rad end_foot=0.001546m end_root=0.004399m end_world_foot=0.006228m
[climb] state=RUNNING stage=15/27 phase=RM_RIGHT_SYMMETRY prior_tracking_error=0.00635887rad prior_foot_target_error=0.00154641m
[render] frame=7200 fps=110.7
[render] frame=7440 fps=108.6
[climb] C15 RM_RIGHT_SYMMETRY metrics: t=1.97s track=0.007866rad foot=0.008107m limit_margin=0.1235rad worst_joint=rm/knee@1.60s worst_foot=rm@0.30s root=0.004412m@0.03s world_foot=0.008745mrm@0.30s support_drift=0.0005289m end_track=0.006124rad end_foot=0.001506m end_root=0.004301m end_world_foot=0.006478m
[climb] state=RUNNING stage=16/27 phase=BODY_LEFT_TRANSFER_PREP prior_tracking_error=0.00612413rad prior_foot_target_error=0.00150591m
[render] frame=7680 fps=108.5
[climb] C16 BODY_LEFT_TRANSFER_PREP metrics: t=0.87s track=0.006219rad foot=0.001506m limit_margin=0.4907rad worst_joint=rm/knee@0.17s worst_foot=rm@0.03s root=0.004339m@0.20s world_foot=0.006534mrm@0.33s support_drift=0.0006272m end_track=0.003833rad end_foot=0.0009635m end_root=0.004305m end_world_foot=0.006407m
[climb] state=RUNNING stage=17/27 phase=LB_LOW_STEP prior_tracking_error=0.00383269rad prior_foot_target_error=0.00096349m
[render] frame=7920 fps=109.8
[render] frame=8160 fps=109.4
[render] frame=8400 fps=109.2
[render] frame=8640 fps=107.2
[climb] C17 LB_LOW_STEP metrics: t=3.43s track=0.02009rad foot=0.006041m limit_margin=0.06978rad worst_joint=lm/ankle@1.43s worst_foot=lb@1.73s root=0.004521m@0.30s world_foot=0.006408mrm@0.07s support_drift=0.004808m end_track=0.00879rad end_foot=0.003661m end_root=0.00103m end_world_foot=0.003741m
[climb] state=RUNNING stage=18/27 phase=BODY_RIGHT_BEFORE_LF prior_tracking_error=0.00878981rad prior_foot_target_error=0.00366078m
[render] frame=8880 fps=106.7
[climb] C18 BODY_RIGHT_BEFORE_LF metrics: t=1.23s track=0.009525rad foot=0.004158m limit_margin=0.1106rad worst_joint=lm/ankle@0.30s worst_foot=lm@0.33s root=0.002757m@1.00s world_foot=0.00559mlb@1.13s support_drift=0.007179m end_track=0.007778rad end_foot=0.002032m end_root=0.002617m end_world_foot=0.005587m
[climb] state=RUNNING stage=19/27 phase=LF_LOW_STEP prior_tracking_error=0.00777782rad prior_foot_target_error=0.00203164m
[render] frame=9120 fps=106.1
[render] frame=9360 fps=109.2
[render] frame=9600 fps=112.1
[climb] C19 LF_LOW_STEP metrics: t=3.30s track=0.0181rad foot=0.006122m limit_margin=0.06433rad worst_joint=lm/ankle@0.20s worst_foot=lf@1.73s root=0.004153m@0.23s world_foot=0.007452mlb@0.67s support_drift=0.001868m end_track=0.009313rad end_foot=0.002439m end_root=0.003194m end_world_foot=0.006075m
[climb] state=RUNNING stage=20/27 phase=BODY_PRELOAD_LM prior_tracking_error=0.00931296rad prior_foot_target_error=0.00243869m
[render] frame=9840 fps=109.5
[climb] C20 BODY_PRELOAD_LM metrics: t=0.57s track=0.009482rad foot=0.003054m limit_margin=0.1361rad worst_joint=lm/ankle@0.23s worst_foot=lm@0.57s root=0.003416m@0.57s world_foot=0.006387mlb@0.23s support_drift=0.0009098m end_track=0.009322rad end_foot=0.003054m end_root=0.003416m end_world_foot=0.006147m
[climb] state=RUNNING stage=21/27 phase=LM_LIFT prior_tracking_error=0.00932169rad prior_foot_target_error=0.00305423m
[render] frame=10080 fps=110.5
[render] frame=10320 fps=113.4
[climb] C21 LM_LIFT metrics: t=1.70s track=0.01132rad foot=0.005356m limit_margin=0.1364rad worst_joint=lf/knee@1.47s worst_foot=lm@0.70s root=0.005722m@1.50s world_foot=0.008174mrm@1.03s support_drift=0.003011m end_track=0.01104rad end_foot=0.001766m end_root=0.005707m end_world_foot=0.008081m
[climb] state=RUNNING stage=22/27 phase=BODY_ADVANCE_LM_AIR prior_tracking_error=0.0110408rad prior_foot_target_error=0.00176645m
[render] frame=10560 fps=112.1
[render] frame=10800 fps=113.4
[render] frame=11040 fps=112.7
[climb] C22 BODY_ADVANCE_LM_AIR metrics: t=3.03s track=0.01106rad foot=0.003368m limit_margin=0.1401rad worst_joint=lf/knee@0.03s worst_foot=rm@1.60s root=0.005706m@0.03s world_foot=0.008541mrm@2.23s support_drift=0.002525m end_track=0.008929rad end_foot=0.001777m end_root=0.005608m end_world_foot=0.008456m
[climb] state=RUNNING stage=23/27 phase=LM_LEFT_FINAL_LAND prior_tracking_error=0.00892924rad prior_foot_target_error=0.00177734m
[render] frame=11280 fps=112.3
[climb] C23 LM_LEFT_FINAL_LAND metrics: t=1.10s track=0.009164rad foot=0.002064m limit_margin=0.2281rad worst_joint=lf/knee@0.37s worst_foot=lm@0.43s root=0.005638m@0.73s world_foot=0.008457mrb@0.17s support_drift=8.049e-05m end_track=0.008959rad end_foot=0.001791m end_root=0.005612m end_world_foot=0.008455m
[climb] state=RUNNING stage=24/27 phase=RB_RF_DIRECT_FINAL prior_tracking_error=0.00895882rad prior_foot_target_error=0.00179128m
[render] frame=11520 fps=114.0
[render] frame=11760 fps=117.1
[render] frame=12000 fps=113.2
[climb] C24 RB_RF_DIRECT_FINAL metrics: t=2.97s track=0.01657rad foot=0.006977m limit_margin=0.2055rad worst_joint=rm/ankle@2.30s worst_foot=rf@1.43s root=0.00569m@2.47s world_foot=0.01098mrb@2.37s support_drift=0.001548m end_track=0.008837rad end_foot=0.002287m end_root=0.005629m end_world_foot=0.009561m
[climb] state=RUNNING stage=25/27 phase=RM_BODY_REPOSITION prior_tracking_error=0.00883654rad prior_foot_target_error=0.00228651m
[render] frame=12240 fps=113.0
[render] frame=12480 fps=115.5
[render] frame=12720 fps=113.0
[climb] C25 RM_BODY_REPOSITION metrics: t=3.37s track=0.009035rad foot=0.00571m limit_margin=0.08738rad worst_joint=rb/knee@1.03s worst_foot=rm@1.33s root=0.006472m@2.80s world_foot=0.0112mrm@2.43s support_drift=0.001824m end_track=0.008183rad end_foot=0.001544m end_root=0.006463m end_world_foot=0.01052m
[climb] state=RUNNING stage=26/27 phase=LB_LF_DOCK_TRANSFER prior_tracking_error=0.00818306rad prior_foot_target_error=0.00154401m
[render] frame=12960 fps=114.4
[render] frame=13200 fps=119.3
[render] frame=13440 fps=114.8
[climb] C26 LB_LF_DOCK_TRANSFER metrics: t=2.90s track=0.01714rad foot=0.006813m limit_margin=0.1446rad worst_joint=lm/ankle@2.47s worst_foot=lb@1.40s root=0.007893m@2.57s world_foot=0.01192mrb@2.10s support_drift=0.002566m end_track=0.01683rad end_foot=0.003529m end_root=0.00786m end_world_foot=0.01191m
[climb] state=RUNNING stage=27/27 phase=STAND_FINAL_HOLD prior_tracking_error=0.0168329rad prior_foot_target_error=0.00352937m
[render] frame=13680 fps=118.8
[render] frame=13920 fps=119.5
[render] frame=14160 fps=119.5
[render] frame=14400 fps=119.0
[climb] C27 STAND_FINAL_HOLD metrics: t=4.30s track=0.01683rad foot=0.003529m limit_margin=0.3666rad worst_joint=lm/ankle@0.43s worst_foot=lm@0.07s root=0.00786m@0.47s world_foot=0.01191mrb@1.83s support_drift=2.68e-06m end_track=0.01683rad end_foot=0.003529m end_root=0.00786m end_world_foot=0.0119m
[climb] state=DONE stage=27/27 phase=STAND_FINAL_HOLD prior_tracking_error=0.0168328rad prior_foot_target_error=0.00352878m
[climb] diagnostics-only metrics: /tmp/climb_c2_speed_20260909/nominal_metrics.json
[climb] DONE at t=60.7s, tracking_error=0.0168328rad, foot_target_error=0.00352878m, reason=none, holding final pose for 2s
[render] frame=14640 fps=119.1
[render] frame=14880 fps=119.3
[climb] hold check: joint drift over 2s 0.0mrad, joint tracking error 16.8mrad
[climb] preview gate hold_q_drift_lt_20mrad: value=0.00163913 threshold=20.0 PASS
[climb] preview gate end_foot_target_error_le_0.015m: value=0.00352879 threshold=0.015 PASS
[climb] preview gate end_root_position_error_le_0.05m: value=0.00785956 threshold=0.05 PASS
[climb] preview gate global_max_root_position_error_le_0.20m: value=0.00847525 threshold=0.2 PASS
[climb] preview gate global_min_joint_limit_margin_ge_0rad: value=0.0304276 threshold=0.0 PASS
[climb] PREVIEW VERDICT: SUCCESS (simulation preview gates only; not contact, load, stability, or hardware proof)
